// Jest Snapshot v1, https://goo.gl/fbAQLP

exports[`Items Request items info should be correct 1`] = `
Object {
  "name": "SanDisk 128GB Ultra MicroSDXC",
  "price": 30,
  "priceForAll": 120,
  "quantity": 4,
}
`;

exports[`Items Request items info should be correct 2`] = `
Object {
  "name": "BENGOO G9000 Stereo Gaming Headset",
  "price": 42,
  "priceForAll": 210,
  "quantity": 5,
}
`;

exports[`Items Request items info should be correct 3`] = `
Object {
  "name": "Logitech C922x Pro Stream Webcam",
  "price": 20,
  "priceForAll": 40,
  "quantity": 2,
}
`;
